HEEEELLEELL
HEEEELLEELL